// Jest Snapshot v1, https://goo.gl/fbAQLP

exports[`Card 1`] = `
<li>
  <img
    alt="patrick Jane"
    height="100"
    src="https://upload.wikimedia.org/wikipedia/en/3/37/Patrick_Jane.jpg"
    width="100"
  />
  <h3>
    patrick Jane
  </h3>
   (
  p.J
  )
  <p>
    Consultant
  </p>
</li>
`;
